Log[size:20, LSN:18446744073709551615, transID:0, prevLSN:18446744073709551615, LogType:6]Log[size:20, LSN:18446744073709551615, transID:0, prevLSN:18446744073709551615, LogType:6]Log[size:20, LSN:18446744073709551615, transID:1, prevLSN:18446744073709551615, LogType:6]Log[size:20, LSN:18446744073709551615, transID:2, prevLSN:18446744073709551615, LogType:6]Log[size:20, LSN:18446744073709551615, transID:0, prevLSN:18446744073709551615, LogType:6]